# ******** Задание 1 ********
alex@alex-VirtualBox:~$ for i in {1..3}; do echo "Current user is $USER"; done
Current user is alex
Current user is alex
Current user is alex


# ******** Задание 2 ********
alex@alex-VirtualBox:~$ cd delme
alex@alex-VirtualBox:~/delme$ cat >> while_example.sh
i = 2
while [ $i <= 100 ]
do
echo i
let i+=2
done
alex@alex-VirtualBox:~/delme$ bash while_example.sh
while_example.sh: строка 1: i: команда не найдена
while_example.sh: строка 2: =: Нет такого файла или каталога
alex@alex-VirtualBox:~/delme$ nano while_example.sh
alex@alex-VirtualBox:~/delme$ cat while_example.sh
i=2
while [ $i <= 100 ]
do
echo i
let i+=2
done
alex@alex-VirtualBox:~/delme$ bash while_example.sh
while_example.sh: строка 2: =: Нет такого файла или каталога
alex@alex-VirtualBox:~/delme$ nano while_example.sh
alex@alex-VirtualBox:~/delme$ bash while_example.sh
while_example.sh: строка 3: =: Нет такого файла или каталога
alex@alex-VirtualBox:~/delme$ nano while_example.sh
alex@alex-VirtualBox:~/delme$ bash while_example.sh
while_example.sh: строка 3: =: Нет такого файла или каталога
alex@alex-VirtualBox:~/delme$ nano while_example.sh
alex@alex-VirtualBox:~/delme$ bash while_example.sh
alex@alex-VirtualBox:~/delme$ nano while_example.sh
alex@alex-VirtualBox:~/delme$ bash while_example.sh
alex@alex-VirtualBox:~/delme$ nano while_example.sh
alex@alex-VirtualBox:~/delme$ bash while_example.sh
alex@alex-VirtualBox:~/delme$ cat while_example.sh
i=2
while [ $i -ge 100 ]
do
        echo i
        let i+=2
done
alex@alex-VirtualBox:~/delme$ nano while_example.sh
alex@alex-VirtualBox:~/delme$ bash while_example.sh
2
4
6
8
10
12
14
16
18
20
22
24
26
28
30
32
34
36
38
40
42
44
46
48
50
52
54
56
58
60
62
64
66
68
70
72
74
76
78
80
82
84
86
88
90
92
94
96
98
100
alex@alex-VirtualBox:~/delme$ cat while_example.sh
i=2
while [ $i -le 100 ]
do
        echo $i
        let i+=2
done
# Действительно, очень капризный язык

# ******** Задание 3 ********
alex@alex-VirtualBox:~/delme$ nano test.txt
alex@alex-VirtualBox:~/delme$ crontab -e
crontab: installing new crontab
"/tmp/crontab.ZgJR1R/crontab":0: bad minute
errors in crontab file, can't install.
Do you want to retry the same edit? (y/n) y
crontab: installing new crontab
"/tmp/crontab.ZgJR1R/crontab":0: bad minute
errors in crontab file, can't install.
Do you want to retry the same edit? (y/n) y
crontab: installing new crontab
"/tmp/crontab.ZgJR1R/crontab":0: bad minute
errors in crontab file, can't install.
Do you want to retry the same edit? (y/n) n
crontab: edits left in /tmp/crontab.ZgJR1R/crontab
alex@alex-VirtualBox:~/delme$ ^M
: команда не найдена
alex@alex-VirtualBox:~/delme$ cp text.txt text.txt.bak
cp: не удалось выполнить stat для 'text.txt': Нет такого файла или каталога
alex@alex-VirtualBox:~/delme$ cp ~/delme/text.txt ~/delme/text.txt.bak
cp: не удалось выполнить stat для '/home/alex/delme/text.txt': Нет такого файла или каталога
alex@alex-VirtualBox:~/delme$ cp ~/delme/test.txt ~/delme/test.txt.bak
alex@alex-VirtualBox:~/delme$ rm test.txt.bak
alex@alex-VirtualBox:~/delme$ crontab -e
crontab: installing new crontab
"/tmp/crontab.Tf89w6/crontab":0: bad minute
errors in crontab file, can't install.
Do you want to retry the same edit? (y/n) y
crontab: installing new crontab
alex@alex-VirtualBox:~/delme$ crontab -l
1,11,21,31,41,51 * * * * cp ~/delme/test.txt ~/delme/test.txt.bak
# Изначально ошибся в названии файла и затем кронтаб не принимал минуты в формате 0,0/10 пришлось переписать